12:59:12 21/3/2025 [ERROR]: uncaughtException: GoogleSpreadsheet is not defined
ReferenceError: GoogleSpreadsheet is not defined
    at file:///D:/WorkspaceVSCode/discord-bot/src/index.js:26:13
    at ModuleJob.run (node:internal/modules/esm/module_job:195:25)
    at async ModuleLoader.import (node:internal/modules/esm/loader:337:24)
    at async loadESM (node:internal/process/esm_loader:34:7)
    at async handleMainPromise (node:internal/modules/run_main:106:12)
13:00:04 21/3/2025 [ERROR]: uncaughtException: GoogleSpreadsheet is not defined
ReferenceError: GoogleSpreadsheet is not defined
    at file:///D:/WorkspaceVSCode/discord-bot/src/index.js:26:13
    at ModuleJob.run (node:internal/modules/esm/module_job:195:25)
    at async ModuleLoader.import (node:internal/modules/esm/loader:337:24)
    at async loadESM (node:internal/process/esm_loader:34:7)
    at async handleMainPromise (node:internal/modules/run_main:106:12)
13:07:15 21/3/2025 [ERROR]: uncaughtException: Google API error - [403] The caller does not have permission
AxiosError: Google API error - [403] The caller does not have permission
    at settle (file:///D:/WorkspaceVSCode/discord-bot/node_modules/axios/lib/core/settle.js:19:12)
    at Unzip.handleStreamEnd (file:///D:/WorkspaceVSCode/discord-bot/node_modules/axios/lib/adapters/http.js:599:11)
    at Unzip.emit (node:events:529:35)
    at endReadableNT (node:internal/streams/readable:1400:12)
    at process.processTicksAndRejections (node:internal/process/task_queues:82:21)
    at Axios.request (file:///D:/WorkspaceVSCode/discord-bot/node_modules/axios/lib/core/Axios.js:45:41)
    at process.processTicksAndRejections (node:internal/process/task_queues:95:5)
    at async E.loadInfo (file:///D:/WorkspaceVSCode/discord-bot/node_modules/google-spreadsheet/dist/index.mjs:1:24482)
    at async file:///D:/WorkspaceVSCode/discord-bot/src/index.js:36:1
